../Core/Src/main.c:95:5:main	24	static
../Core/Src/main.c:183:6:SystemClock_Config	96	static
../Core/Src/main.c:233:13:MX_ADC1_Init	48	static
../Core/Src/main.c:336:13:MX_TIM2_Init	64	static
../Core/Src/main.c:399:13:MX_TIM6_Init	24	static
../Core/Src/main.c:437:13:MX_USART2_UART_Init	8	static
../Core/Src/main.c:472:13:MX_GPIO_Init	48	static
../Core/Src/main.c:529:6:HAL_GPIO_EXTI_Callback	16	static
../Core/Src/main.c:534:6:HAL_TIM_PeriodElapsedCallback	16	static
../Core/Src/main.c:588:6:HAL_ADC_ConvCpltCallback	16	static
../Core/Src/main.c:617:6:correction_trajectoire	4	static
../Core/Src/main.c:635:6:Error_Handler	4	static,ignoring_inline_asm
