../Core/Src/main.c:147:5:main	8	static
../Core/Src/main.c:252:6:SystemClock_Config	96	static
../Core/Src/main.c:302:13:MX_ADC1_Init	72	static
../Core/Src/main.c:401:13:MX_TIM2_Init	64	static
../Core/Src/main.c:464:13:MX_TIM3_Init	56	static
../Core/Src/main.c:513:13:MX_TIM4_Init	56	static
../Core/Src/main.c:562:13:MX_TIM6_Init	24	static
../Core/Src/main.c:600:13:MX_USART2_UART_Init	8	static
../Core/Src/main.c:633:13:MX_DMA_Init	16	static
../Core/Src/main.c:651:13:MX_GPIO_Init	48	static
../Core/Src/main.c:710:6:HAL_GPIO_EXTI_Callback	16	static
../Core/Src/main.c:727:6:HAL_TIM_PeriodElapsedCallback	16	static
../Core/Src/main.c:775:6:HAL_ADC_ConvCpltCallback	104	static
../Core/Src/main.c:808:6:correction_trajectoire	8	static
../Core/Src/main.c:917:6:Error_Handler	4	static,ignoring_inline_asm
