2025-05-19 13:49:19,324 [INFO] Activator:176 - 


2025-05-19 13:49:19,326 [INFO] Activator:177 - !SESSION log4j initialized
2025-05-19 13:49:20,874 [ERROR] LogOutputStream:75 - [STDERR_REDIRECT] 
2025-05-19 13:49:22,507 [INFO] LogOutputStream:77 - [STDOUT_REDIRECT] 
2025-05-19 13:49:24,326 [INFO] ApplicationProperties:184 - Using Application install path: /Applications/STM32CubeIDE.app/Contents/Eclipse/plugins/com.st.stm32cube.common.mx_6.14.0.202502271554
2025-05-19 13:49:24,339 [INFO] DbMcusXml:78 - Set database path to: /Applications/STM32CubeIDE.app/Contents/Eclipse/plugins/com.st.stm32cube.common.mx_6.14.0.202502271554//db//mcu/
2025-05-19 13:49:24,339 [INFO] ApiDb:274 - Set plugin database path to: /Applications/STM32CubeIDE.app/Contents/Eclipse/plugins/com.st.stm32cube.common.mx_6.14.0.202502271554//db//plugins/boardmanager/
2025-05-19 13:49:24,340 [WARN] ApiDb:259 - Overriding images path with different value:  => /Applications/STM32CubeIDE.app/Contents/Eclipse/plugins/com.st.stm32cube.common.mx_6.14.0.202502271554//db//plugins/mcufinder/images/
2025-05-19 13:49:24,343 [INFO] ApiDb:250 - Set database path to: /Users/robincrifo/.stmcufinder/plugins/mcufinder//mcu/
2025-05-19 13:49:24,344 [INFO] DbMcusAds:125 - Set database path to: /Users/robincrifo/.stmcufinder/plugins/mcufinder//mcu/
2025-05-19 13:49:24,345 [INFO] CrossReferenceDbSqlite:203 - Set database path to: /Users/robincrifo/.stmcufinder/plugins/mcufinder//mcu/cs/
2025-05-19 13:49:24,464 [INFO] RulesReader:64 - Compatibility file has been processed (301 Rules)
2025-05-19 13:49:24,533 [INFO] DbMcusXml:78 - Set database path to: /Applications/STM32CubeIDE.app/Contents/Eclipse/plugins/com.st.stm32cube.common.mx_6.14.0.202502271554//db//mcu/
2025-05-19 13:49:24,533 [INFO] ApiDb:274 - Set plugin database path to: /Applications/STM32CubeIDE.app/Contents/Eclipse/plugins/com.st.stm32cube.common.mx_6.14.0.202502271554//db//plugins/boardmanager/
2025-05-19 13:49:24,534 [INFO] ApiDb:261 - Set plugin images path to: /Applications/STM32CubeIDE.app/Contents/Eclipse/plugins/com.st.stm32cube.common.mx_6.14.0.202502271554//db//plugins/mcufinder/images/
2025-05-19 13:49:24,534 [WARN] DbFile:41 - Overriding database path with different value: /Users/robincrifo/.stmcufinder/plugins/mcufinder/ => /Users/robincrifo/.stmcufinder/plugins/mcufinder
2025-05-19 13:49:24,534 [INFO] ApiDb:250 - Set database path to: /Users/robincrifo/.stmcufinder/plugins/mcufinder//mcu/
2025-05-19 13:49:24,534 [WARN] DbFile:41 - Overriding database path with different value: /Users/robincrifo/.stmcufinder/plugins/mcufinder/ => /Users/robincrifo/.stmcufinder/plugins/mcufinder
2025-05-19 13:49:24,534 [INFO] DbMcusAds:125 - Set database path to: /Users/robincrifo/.stmcufinder/plugins/mcufinder//mcu/
2025-05-19 13:49:24,534 [WARN] DbFile:41 - Overriding database path with different value: /Users/robincrifo/.stmcufinder/plugins/mcufinder/ => /Users/robincrifo/.stmcufinder/plugins/mcufinder
2025-05-19 13:49:24,535 [WARN] DbFile:41 - Overriding database path with different value: /Users/robincrifo/.stmcufinder/plugins/mcufinder/ => /Users/robincrifo/.stmcufinder/plugins/mcufinder
2025-05-19 13:49:24,535 [INFO] CrossReferenceDbSqlite:203 - Set database path to: /Users/robincrifo/.stmcufinder/plugins/mcufinder//mcu/cs/
2025-05-19 13:49:24,600 [INFO] MainPanel:272 - HeapMemory: 268435456
2025-05-19 13:49:24,886 [INFO] DbMcusXml:78 - Set database path to: /Applications/STM32CubeIDE.app/Contents/Eclipse/plugins/com.st.stm32cube.common.mx_6.14.0.202502271554//db//mcu/
2025-05-19 13:49:24,886 [INFO] ApiDb:274 - Set plugin database path to: /Applications/STM32CubeIDE.app/Contents/Eclipse/plugins/com.st.stm32cube.common.mx_6.14.0.202502271554//db//plugins/boardmanager/
2025-05-19 13:49:24,886 [INFO] ApiDb:261 - Set plugin images path to: /Applications/STM32CubeIDE.app/Contents/Eclipse/plugins/com.st.stm32cube.common.mx_6.14.0.202502271554//db//plugins/mcufinder/images/
2025-05-19 13:49:24,886 [WARN] DbFile:41 - Overriding database path with different value: /Users/robincrifo/.stmcufinder/plugins/mcufinder/ => /Users/robincrifo/.stmcufinder/plugins/mcufinder
2025-05-19 13:49:24,886 [INFO] ApiDb:250 - Set database path to: /Users/robincrifo/.stmcufinder/plugins/mcufinder//mcu/
2025-05-19 13:49:24,886 [WARN] DbFile:41 - Overriding database path with different value: /Users/robincrifo/.stmcufinder/plugins/mcufinder/ => /Users/robincrifo/.stmcufinder/plugins/mcufinder
2025-05-19 13:49:24,886 [INFO] DbMcusAds:125 - Set database path to: /Users/robincrifo/.stmcufinder/plugins/mcufinder//mcu/
2025-05-19 13:49:24,886 [WARN] DbFile:41 - Overriding database path with different value: /Users/robincrifo/.stmcufinder/plugins/mcufinder/ => /Users/robincrifo/.stmcufinder/plugins/mcufinder
2025-05-19 13:49:24,887 [WARN] DbFile:41 - Overriding database path with different value: /Users/robincrifo/.stmcufinder/plugins/mcufinder/ => /Users/robincrifo/.stmcufinder/plugins/mcufinder
2025-05-19 13:49:24,887 [INFO] CrossReferenceDbSqlite:203 - Set database path to: /Users/robincrifo/.stmcufinder/plugins/mcufinder//mcu/cs/
2025-05-19 13:49:24,907 [INFO] ApplicationProperties:184 - Using Application install path: /Applications/STM32CubeIDE.app/Contents/Eclipse/plugins/com.st.stm32cube.common.mx_6.14.0.202502271554
2025-05-19 13:49:24,908 [INFO] PluginManage:196 - Search for loadable plugins [exclusion list=, ]
2025-05-19 13:49:24,910 [INFO] PluginManage:310 - Check plugin analytics
2025-05-19 13:49:30,196 [INFO] AnalyticsPlugin:253 - Accepted Software Licenses: 
2025-05-19 13:49:30,197 [INFO] AnalyticsPlugin:255 - Accepted CMSIS Pack Licenses: 
2025-05-19 13:49:30,198 [INFO] AnalyticsPlugin:257 - Accepted Firmware Licenses: FW.L4.1.18.0
2025-05-19 13:49:30,207 [INFO] PluginManage:359 - Loaded plugin analytics (category:tool,tabindex:-1)
2025-05-19 13:49:30,208 [INFO] PluginManage:310 - Check plugin cadmodel
2025-05-19 13:49:30,216 [INFO] CADModel:105 - Init CAD model plugin
2025-05-19 13:49:30,217 [INFO] PluginManage:359 - Loaded plugin cadmodel (category:power,tabindex:5)
2025-05-19 13:49:30,217 [INFO] PluginManage:310 - Check plugin clock
2025-05-19 13:49:30,226 [INFO] PluginManage:359 - Loaded plugin clock (category:base,tabindex:2)
2025-05-19 13:49:30,226 [INFO] PluginManage:310 - Check plugin ddr
2025-05-19 13:49:30,228 [INFO] PluginManage:359 - Loaded plugin ddr (category:tool,tabindex:6)
2025-05-19 13:49:30,229 [INFO] PluginManage:310 - Check plugin filemanager
2025-05-19 13:49:30,796 [INFO] PluginManage:359 - Loaded plugin filemanager (category:base,tabindex:10)
2025-05-19 13:49:30,802 [INFO] PluginManage:310 - Check plugin ipmanager
2025-05-19 13:49:30,841 [INFO] PluginManage:359 - Loaded plugin ipmanager (category:base,tabindex:5)
2025-05-19 13:49:30,844 [INFO] PluginManage:310 - Check plugin lpbam
2025-05-19 13:49:30,873 [INFO] PluginManage:359 - Loaded plugin lpbam (category:base,tabindex:0)
2025-05-19 13:49:30,874 [INFO] PluginManage:310 - Check plugin memorymap
2025-05-19 13:49:30,888 [INFO] PluginManage:359 - Loaded plugin memorymap (category:base,tabindex:4)
2025-05-19 13:49:30,888 [INFO] PluginManage:310 - Check plugin pinoutandconfiguration
2025-05-19 13:49:30,895 [INFO] PluginManage:359 - Loaded plugin pinoutandconfiguration (category:base,tabindex:1)
2025-05-19 13:49:30,895 [INFO] PluginManage:310 - Check plugin pinoutconfig
2025-05-19 13:49:30,998 [WARN] SupportedApi:132 - Cannot load RTOS API schema: s4s-elt-must-match.1: The content of 'definitions' must match (annotation?, (simpleType | complexType)?, (unique | key | keyref)*)). A problem was found starting at: attribute.
2025-05-19 13:49:31,249 [INFO] PluginManage:359 - Loaded plugin pinoutconfig (category:base,tabindex:0)
2025-05-19 13:49:31,250 [INFO] PluginManage:310 - Check plugin power
2025-05-19 13:49:31,277 [INFO] PluginManage:359 - Loaded plugin power (category:power,tabindex:4)
2025-05-19 13:49:31,278 [INFO] PluginManage:310 - Check plugin projectmanager
2025-05-19 13:49:31,320 [INFO] PluginManage:359 - Loaded plugin projectmanager (category:projectmanager,tabindex:4)
2025-05-19 13:49:31,320 [INFO] PluginManage:310 - Check plugin rif
2025-05-19 13:49:31,325 [INFO] PluginManage:359 - Loaded plugin rif (category:base,tabindex:3)
2025-05-19 13:49:31,326 [INFO] PluginManage:310 - Check plugin thirdparty
2025-05-19 13:49:31,514 [INFO] PluginManage:359 - Loaded plugin thirdparty (category:base,tabindex:-1)
2025-05-19 13:49:31,515 [INFO] PluginManage:310 - Check plugin tools
2025-05-19 13:49:31,519 [INFO] PluginManage:359 - Loaded plugin tools (category:base,tabindex:7)
2025-05-19 13:49:31,514 [WARN] IntegrityCheckThread:84 - waiting for thirdparty lock release [integrity check]
2025-05-19 13:49:31,519 [INFO] IntegrityCheckThread:86 - entering critical section [integrity check]
2025-05-19 13:49:31,520 [INFO] PluginManage:310 - Check plugin tutovideos
2025-05-19 13:49:31,522 [INFO] ThirdPartyUpdaterWithRetryManager:70 - Updater plugin not ready yet. [1/15]
2025-05-19 13:49:31,669 [INFO] PluginManage:359 - Loaded plugin tutovideos (category:base,tabindex:-1)
2025-05-19 13:49:31,670 [INFO] PluginManage:310 - Check plugin updater
2025-05-19 13:49:31,696 [INFO] PluginManage:359 - Loaded plugin updater (category:base,tabindex:12)
2025-05-19 13:49:31,696 [INFO] PluginManage:310 - Check plugin userauth
2025-05-19 13:49:31,700 [INFO] UserAuth:118 - Init User Auth plugin
2025-05-19 13:49:31,702 [INFO] PluginManage:359 - Loaded plugin userauth (category:base,tabindex:14)
2025-05-19 13:49:31,702 [INFO] PluginManage:283 - PluginManage : Loaded plugins [18]
2025-05-19 13:49:31,923 [INFO] PinOutPanel:1589 - setPackage(No Configuration,No Configuration)
2025-05-19 13:49:31,979 [INFO] CADModel:165 - CPN selected for project level
2025-05-19 13:49:31,979 [INFO] CADModel:114 - Register for checkConnection events
2025-05-19 13:49:31,987 [INFO] IPUIPlugin:80 - create IPUIPlugin
2025-05-19 13:49:31,987 [INFO] PluginManager:220 - loadIPPluginJar : add mdma
2025-05-19 13:49:31,992 [INFO] IPUIPlugin:80 - create IPUIPlugin
2025-05-19 13:49:31,992 [INFO] PluginManager:220 - loadIPPluginJar : add freertos
2025-05-19 13:49:31,996 [INFO] IPUIPlugin:80 - create IPUIPlugin
2025-05-19 13:49:31,996 [INFO] PluginManager:220 - loadIPPluginJar : add gic
2025-05-19 13:49:32,001 [INFO] IPUIPlugin:80 - create IPUIPlugin
2025-05-19 13:49:32,001 [INFO] PluginManager:220 - loadIPPluginJar : add adc
2025-05-19 13:49:32,003 [INFO] IPUIPlugin:80 - create IPUIPlugin
2025-05-19 13:49:32,003 [INFO] PluginManager:220 - loadIPPluginJar : add gtzc
2025-05-19 13:49:32,004 [INFO] IPUIPlugin:80 - create IPUIPlugin
2025-05-19 13:49:32,004 [INFO] PluginManager:220 - loadIPPluginJar : add quadspi
2025-05-19 13:49:32,005 [INFO] IPUIPlugin:80 - create IPUIPlugin
2025-05-19 13:49:32,005 [INFO] PluginManager:220 - loadIPPluginJar : add aes
2025-05-19 13:49:32,007 [INFO] IPUIPlugin:80 - create IPUIPlugin
2025-05-19 13:49:32,007 [INFO] PluginManager:220 - loadIPPluginJar : add pdm2pcm
2025-05-19 13:49:32,008 [INFO] IPUIPlugin:80 - create IPUIPlugin
2025-05-19 13:49:32,008 [INFO] PluginManager:220 - loadIPPluginJar : add hash
2025-05-19 13:49:32,009 [INFO] IPUIPlugin:80 - create IPUIPlugin
2025-05-19 13:49:32,009 [INFO] PluginManager:220 - loadIPPluginJar : add tim
2025-05-19 13:49:32,009 [INFO] IPUIPlugin:80 - create IPUIPlugin
2025-05-19 13:49:32,009 [INFO] PluginManager:220 - loadIPPluginJar : add tsc
2025-05-19 13:49:32,011 [INFO] IPUIPlugin:80 - create IPUIPlugin
2025-05-19 13:49:32,011 [INFO] PluginManager:220 - loadIPPluginJar : add extmemmanager
2025-05-19 13:49:32,012 [INFO] IPUIPlugin:80 - create IPUIPlugin
2025-05-19 13:49:32,012 [INFO] PluginManager:220 - loadIPPluginJar : add ts
2025-05-19 13:49:32,013 [INFO] IPUIPlugin:80 - create IPUIPlugin
2025-05-19 13:49:32,013 [INFO] PluginManager:220 - loadIPPluginJar : add radio
2025-05-19 13:49:32,014 [INFO] IPUIPlugin:80 - create IPUIPlugin
2025-05-19 13:49:32,014 [INFO] PluginManager:220 - loadIPPluginJar : add can
2025-05-19 13:49:32,015 [INFO] IPUIPlugin:80 - create IPUIPlugin
2025-05-19 13:49:32,015 [INFO] PluginManager:220 - loadIPPluginJar : add dma3
2025-05-19 13:49:32,016 [INFO] IPUIPlugin:80 - create IPUIPlugin
2025-05-19 13:49:32,016 [INFO] PluginManager:220 - loadIPPluginJar : add dfsdm
2025-05-19 13:49:32,017 [INFO] IPUIPlugin:80 - create IPUIPlugin
2025-05-19 13:49:32,017 [INFO] PluginManager:220 - loadIPPluginJar : add spi
2025-05-19 13:49:32,018 [INFO] IPUIPlugin:80 - create IPUIPlugin
2025-05-19 13:49:32,018 [INFO] PluginManager:220 - loadIPPluginJar : add gfxmmu
2025-05-19 13:49:32,019 [INFO] IPUIPlugin:80 - create IPUIPlugin
2025-05-19 13:49:32,019 [INFO] PluginManager:220 - loadIPPluginJar : add genericplugin
2025-05-19 13:49:32,020 [INFO] IPUIPlugin:80 - create IPUIPlugin
2025-05-19 13:49:32,020 [INFO] PluginManager:220 - loadIPPluginJar : add cryp
2025-05-19 13:49:32,022 [INFO] IPUIPlugin:80 - create IPUIPlugin
2025-05-19 13:49:32,022 [INFO] PluginManager:220 - loadIPPluginJar : add gpio
2025-05-19 13:49:32,024 [INFO] IPUIPlugin:80 - create IPUIPlugin
2025-05-19 13:49:32,024 [INFO] PluginManager:220 - loadIPPluginJar : add ddr_ctrl_phy
2025-05-19 13:49:32,026 [INFO] IPUIPlugin:80 - create IPUIPlugin
2025-05-19 13:49:32,026 [INFO] PluginManager:220 - loadIPPluginJar : add comp
2025-05-19 13:49:32,028 [INFO] IPUIPlugin:80 - create IPUIPlugin
2025-05-19 13:49:32,029 [INFO] PluginManager:220 - loadIPPluginJar : add tracer_emb
2025-05-19 13:49:32,030 [INFO] IPUIPlugin:80 - create IPUIPlugin
2025-05-19 13:49:32,030 [INFO] PluginManager:220 - loadIPPluginJar : add openamp
2025-05-19 13:49:32,033 [INFO] IPUIPlugin:80 - create IPUIPlugin
2025-05-19 13:49:32,033 [INFO] PluginManager:220 - loadIPPluginJar : add stm32_wpan
2025-05-19 13:49:32,036 [INFO] IPUIPlugin:80 - create IPUIPlugin
2025-05-19 13:49:32,038 [INFO] PluginManager:220 - loadIPPluginJar : add plateformsettings
2025-05-19 13:49:32,040 [INFO] IPUIPlugin:80 - create IPUIPlugin
2025-05-19 13:49:32,040 [INFO] PluginManager:220 - loadIPPluginJar : add ipddr
2025-05-19 13:49:32,041 [INFO] IPUIPlugin:80 - create IPUIPlugin
2025-05-19 13:49:32,041 [INFO] PluginManager:220 - loadIPPluginJar : add usart
2025-05-19 13:49:32,042 [INFO] IPUIPlugin:80 - create IPUIPlugin
2025-05-19 13:49:32,042 [INFO] PluginManager:220 - loadIPPluginJar : add ltdc
2025-05-19 13:49:32,044 [INFO] IPUIPlugin:80 - create IPUIPlugin
2025-05-19 13:49:32,044 [INFO] PluginManager:220 - loadIPPluginJar : add nvic
2025-05-19 13:49:32,045 [INFO] IPUIPlugin:80 - create IPUIPlugin
2025-05-19 13:49:32,045 [INFO] PluginManager:220 - loadIPPluginJar : add fatfs
2025-05-19 13:49:32,049 [INFO] IPUIPlugin:80 - create IPUIPlugin
2025-05-19 13:49:32,049 [INFO] PluginManager:220 - loadIPPluginJar : add linkedlist
2025-05-19 13:49:32,052 [INFO] IPUIPlugin:80 - create IPUIPlugin
2025-05-19 13:49:32,052 [INFO] PluginManager:220 - loadIPPluginJar : add dma
2025-05-19 13:49:32,053 [INFO] IPUIPlugin:80 - create IPUIPlugin
2025-05-19 13:49:32,053 [INFO] PluginManager:220 - loadIPPluginJar : add fmc
2025-05-19 13:49:32,054 [INFO] IPUIPlugin:80 - create IPUIPlugin
2025-05-19 13:49:32,054 [INFO] PluginManager:220 - loadIPPluginJar : add i2s
2025-05-19 13:49:32,055 [INFO] IPUIPlugin:80 - create IPUIPlugin
2025-05-19 13:49:32,055 [INFO] PluginManager:220 - loadIPPluginJar : add ucpd
2025-05-19 13:49:32,056 [INFO] IPUIPlugin:80 - create IPUIPlugin
2025-05-19 13:49:32,056 [INFO] PluginManager:220 - loadIPPluginJar : add lorawan
2025-05-19 13:49:32,058 [INFO] IPUIPlugin:80 - create IPUIPlugin
2025-05-19 13:49:32,058 [INFO] PluginManager:220 - loadIPPluginJar : add opamp
2025-05-19 13:49:32,060 [INFO] IPUIPlugin:80 - create IPUIPlugin
2025-05-19 13:49:32,060 [INFO] PluginManager:220 - loadIPPluginJar : add i3c
2025-05-19 13:49:32,063 [INFO] IPUIPlugin:80 - create IPUIPlugin
2025-05-19 13:49:32,063 [INFO] PluginManager:220 - loadIPPluginJar : add touchsensing
2025-05-19 13:49:32,065 [INFO] IPUIPlugin:80 - create IPUIPlugin
2025-05-19 13:49:32,065 [INFO] PluginManager:220 - loadIPPluginJar : add i2c
2025-05-19 13:49:32,067 [INFO] IPUIPlugin:80 - create IPUIPlugin
2025-05-19 13:49:32,067 [INFO] PluginManager:220 - loadIPPluginJar : add resmgrutility
2025-05-19 13:49:32,068 [INFO] IPUIPlugin:80 - create IPUIPlugin
2025-05-19 13:49:32,068 [INFO] PluginManager:220 - loadIPPluginJar : add sai
2025-05-19 13:49:32,069 [INFO] IPUIPlugin:80 - create IPUIPlugin
2025-05-19 13:49:32,069 [INFO] PluginManager:220 - loadIPPluginJar : add usbx
2025-05-19 13:49:32,179 [FATAL] Updater:351 - Updater called before beeing initialized
2025-05-19 13:49:32,230 [INFO] RulesReader:64 - Compatibility file has been processed (301 Rules)
2025-05-19 13:49:32,245 [INFO] RulesReader:64 - Compatibility file has been processed (301 Rules)
2025-05-19 13:49:32,261 [INFO] CADModel:165 - CPN selected for project level
2025-05-19 13:49:32,261 [INFO] CADModel:114 - Register for checkConnection events
2025-05-19 13:49:32,261 [FATAL] Updater:351 - Updater called before beeing initialized
2025-05-19 13:49:32,261 [ERROR] CADModel:125 - Updater not yet initialized, retry later 
2025-05-19 13:49:32,473 [FATAL] Updater:351 - Updater called before beeing initialized
2025-05-19 13:49:32,474 [INFO] CADModel:165 - CPN selected for project level
2025-05-19 13:49:32,474 [INFO] CADModel:114 - Register for checkConnection events
2025-05-19 13:49:32,474 [FATAL] Updater:351 - Updater called before beeing initialized
2025-05-19 13:49:32,474 [ERROR] CADModel:125 - Updater not yet initialized, retry later 
2025-05-19 13:49:32,478 [FATAL] Updater:351 - Updater called before beeing initialized
2025-05-19 13:49:32,624 [FATAL] Updater:351 - Updater called before beeing initialized
2025-05-19 13:49:32,630 [INFO] DbMcusAds:53 - JSON generation date=Thu Mar 06 15:54:21 CET 2025 (1741272861825)
2025-05-19 13:49:32,630 [FATAL] Updater:351 - Updater called before beeing initialized
2025-05-19 13:49:32,684 [WARN] DetailPanel:346 - Failed to get advertising image, set to default
2025-05-19 13:49:32,882 [FATAL] Updater:351 - Updater called before beeing initialized
2025-05-19 13:49:32,887 [FATAL] Updater:351 - Updater called before beeing initialized
2025-05-19 13:49:32,887 [FATAL] Updater:351 - Updater called before beeing initialized
2025-05-19 13:49:32,888 [WARN] DetailPanel:346 - Failed to get advertising image, set to default
2025-05-19 13:49:32,889 [FATAL] Updater:351 - Updater called before beeing initialized
2025-05-19 13:49:32,950 [ERROR] Updater:1198 - MainUpdater not yet initialized. External WinMGr cannot be set.
2025-05-19 13:49:32,958 [INFO] Updater:1134 - Updater Version found : 6.14.0
2025-05-19 13:49:32,970 [INFO] ApplicationProperties:184 - Using Application install path: /Applications/STM32CubeIDE.app/Contents/Eclipse/plugins/com.st.stm32cube.common.mx_6.14.0.202502271554
2025-05-19 13:49:33,258 [INFO] MainUpdater:2872 - connection check result : 10
2025-05-19 13:49:33,259 [INFO] MainUpdater:289 - Updater Check For Update Now.
2025-05-19 13:49:33,259 [INFO] MicroXplorer:498 - Change Database Version : DB.6.0.140
2025-05-19 13:49:33,265 [INFO] McuFinderGlobals:63 - Set McuFinder mode to 2 (CubeIDE integrated)
2025-05-19 13:49:33,266 [INFO] UserAuth:486 - Internet connection configuration mode: 1
2025-05-19 13:49:33,276 [INFO] JxBrowserEngine:152 - Initiate JxBrowser Engine with user profile folder
2025-05-19 13:49:33,495 [INFO] CheckServerUpdateThread:120 - End of CheckServer Thread
2025-05-19 13:49:34,705 [WARN] PackLoader:240 - Cannot read IP mode file for STMicroelectronics.FP-SNS-MOTENVWB1.1.4.0
2025-05-19 13:49:34,721 [WARN] PackLoader:240 - Cannot read IP mode file for STMicroelectronics.FP-ATR-ASTRA1.2.0.2
2025-05-19 13:49:34,731 [WARN] PackLoader:240 - Cannot read IP mode file for STMicroelectronics.X-CUBE-SMBUS.2.1.0
2025-05-19 13:49:34,741 [WARN] PackLoader:240 - Cannot read IP mode file for STMicroelectronics.X-CUBE-WB05N.1.1.0
2025-05-19 13:49:34,807 [WARN] PackLoader:240 - Cannot read IP mode file for STMicroelectronics.X-CUBE-AZRTOS-F7.1.1.0
2025-05-19 13:49:34,914 [WARN] PackLoader:240 - Cannot read IP mode file for Infineon.AIROC-Wi-Fi-Bluetooth-STM32.1.7.0
2025-05-19 13:49:34,957 [WARN] PackLoader:240 - Cannot read IP mode file for STMicroelectronics.X-CUBE-DISPLAY.3.0.0
2025-05-19 13:49:34,991 [WARN] PackLoader:240 - Cannot read IP mode file for STMicroelectronics.X-CUBE-NFC10.1.0.0
2025-05-19 13:49:35,028 [WARN] PackLoader:240 - Cannot read IP mode file for STMicroelectronics.X-CUBE-BLEMGR.4.0.0
2025-05-19 13:49:35,046 [WARN] PackLoader:240 - Cannot read IP mode file for emotas.I-CUBE-CANOPEN.1.3.0
2025-05-19 13:49:35,056 [WARN] ConditionMgr:438 - getConditionDescription Invalid condition id : Cortex-A Device cause : null
2025-05-19 13:49:35,074 [WARN] ConditionMgr:1044 - genDependencies : Invalid condition id : Cortex-A Device cause : null
2025-05-19 13:49:35,074 [WARN] ConditionMgr:1044 - genDependencies : Invalid condition id : Cortex-A Device cause : null
2025-05-19 13:49:35,074 [WARN] ConditionMgr:1044 - genDependencies : Invalid condition id : Cortex-A Device cause : null
2025-05-19 13:49:35,091 [WARN] PackLoader:240 - Cannot read IP mode file for STMicroelectronics.X-CUBE-AI.10.0.0
2025-05-19 13:49:35,100 [WARN] PackLoader:240 - Cannot read IP mode file for STMicroelectronics.FP-SNS-SMARTAG2.1.2.0
2025-05-19 13:49:35,110 [WARN] PackLoader:240 - Cannot read IP mode file for STMicroelectronics.FP-SNS-FLIGHT1.5.1.0
2025-05-19 13:49:35,211 [WARN] PackLoader:240 - Cannot read IP mode file for STMicroelectronics.X-CUBE-MEMS1.11.1.0
2025-05-19 13:49:35,336 [INFO] LogOutputStream:77 - [STDOUT_REDIRECT] 1 : Invalid condition id : UX_CORESTACK_Condition cause : null
2025-05-19 13:49:35,337 [INFO] LogOutputStream:77 - [STDOUT_REDIRECT] 1 : Invalid condition id : UX_CORESTACK_Condition cause : null
2025-05-19 13:49:35,338 [INFO] LogOutputStream:77 - [STDOUT_REDIRECT] 1 : Invalid condition id : UX_CORESTACK_Condition cause : null
2025-05-19 13:49:35,338 [INFO] LogOutputStream:77 - [STDOUT_REDIRECT] 1 : Invalid condition id : UX_CORESTACK_Condition cause : null
2025-05-19 13:49:35,338 [INFO] LogOutputStream:77 - [STDOUT_REDIRECT] 1 : Invalid condition id : UX_CORESTACK_Condition cause : null
2025-05-19 13:49:35,343 [WARN] PackLoader:240 - Cannot read IP mode file for STMicroelectronics.X-CUBE-AZRTOS-WL.2.0.0
2025-05-19 13:49:35,350 [WARN] PackLoader:240 - Cannot read IP mode file for STMicroelectronics.FP-SNS-MOTENV1.5.0.0
2025-05-19 13:49:35,359 [WARN] PackLoader:240 - Cannot read IP mode file for WES.I-CUBE-Cesium.1.3.0
2025-05-19 13:49:35,364 [WARN] PackLoader:240 - Cannot read IP mode file for STMicroelectronics.X-CUBE-BLE2.3.3.0
2025-05-19 13:49:35,372 [WARN] PackLoader:240 - Cannot read IP mode file for STMicroelectronics.X-CUBE-NFC9.1.0.0
2025-05-19 13:49:35,377 [WARN] PackLoader:240 - Cannot read IP mode file for STMicroelectronics.X-CUBE-BLE1.7.1.0
2025-05-19 13:49:35,385 [WARN] PackLoader:240 - Cannot read IP mode file for wolfSSL.I-CUBE-wolfMQTT.1.19.2
2025-05-19 13:49:35,470 [WARN] PackLoader:240 - Cannot read IP mode file for STMicroelectronics.X-CUBE-MEMS1.11.2.0
2025-05-19 13:49:35,594 [WARN] PackLoader:240 - Cannot read IP mode file for STMicroelectronics.X-CUBE-AZRTOS-G0.1.1.0
2025-05-19 13:49:35,604 [WARN] PackLoader:240 - Cannot read IP mode file for STMicroelectronics.X-CUBE-SAFEA1.1.2.2
2025-05-19 13:49:35,609 [WARN] PackLoader:240 - Cannot read IP mode file for STMicroelectronics.X-CUBE-NFC4.3.0.0
2025-05-19 13:49:35,625 [WARN] PackLoader:240 - Cannot read IP mode file for EmbeddedOffice.I-CUBE-FS-RTOS.1.0.1
2025-05-19 13:49:35,633 [WARN] PackLoader:240 - Cannot read IP mode file for STMicroelectronics.X-CUBE-WB05N.2.0.0
2025-05-19 13:49:35,637 [WARN] PackLoader:240 - Cannot read IP mode file for wolfSSL.I-CUBE-wolfTPM.3.8.0
2025-05-19 13:49:35,645 [WARN] PackLoader:240 - Cannot read IP mode file for STMicroelectronics.X-CUBE-TCPP.4.2.0
2025-05-19 13:49:35,650 [WARN] PackLoader:240 - Cannot read IP mode file for RealThread.X-CUBE-RT-Thread_Nano.4.1.1
2025-05-19 13:49:35,652 [WARN] PackLoader:240 - Cannot read IP mode file for STMicroelectronics.FP-ATR-SIGFOX1.3.2.0
2025-05-19 13:49:35,659 [WARN] PackLoader:240 - Cannot read IP mode file for STMicroelectronics.X-CUBE-EEPRMA1.5.1.0
2025-05-19 13:49:35,663 [WARN] PackLoader:240 - Cannot read IP mode file for wolfSSL.I-CUBE-wolfSSL.5.7.6
2025-05-19 13:49:35,667 [WARN] PackLoader:240 - Cannot read IP mode file for ITTIA_DB.I-CUBE-ITTIADB.8.9.0
2025-05-19 13:49:35,703 [WARN] PackLoader:240 - Cannot read IP mode file for SEGGER.I-CUBE-embOS.1.3.1
2025-05-19 13:49:35,735 [WARN] PackLoader:240 - Cannot read IP mode file for STMicroelectronics.X-CUBE-ALGOBUILD.1.4.0
2025-05-19 13:49:35,758 [WARN] PackLoader:240 - Cannot read IP mode file for STMicroelectronics.X-CUBE-AZRTOS-F4.1.1.0
2025-05-19 13:49:35,765 [WARN] PackLoader:240 - Cannot read IP mode file for Avnet-IotConnect.X-CUBE-IoTC-DA16k-PMOD.1.0.0
2025-05-19 13:49:35,798 [WARN] PackLoader:240 - Cannot read IP mode file for STMicroelectronics.X-CUBE-ISPU.2.1.0
2025-05-19 13:49:36,120 [WARN] PackLoader:240 - Cannot read IP mode file for STMicroelectronics.X-CUBE-AZRTOS-L5.2.0.0
2025-05-19 13:49:36,198 [WARN] PackLoader:240 - Cannot read IP mode file for STMicroelectronics.X-CUBE-NFC6.3.1.0
2025-05-19 13:49:36,239 [WARN] PackLoader:240 - Cannot read IP mode file for STMicroelectronics.X-CUBE-DPower.1.2.0
2025-05-19 13:49:36,251 [WARN] PackLoader:240 - Cannot read IP mode file for STMicroelectronics.X-CUBE-FREERTOS.1.3.1
2025-05-19 13:49:36,258 [WARN] PackLoader:240 - Cannot read IP mode file for STMicroelectronics.X-CUBE-FREERTOS.1.3.0
2025-05-19 13:49:36,270 [WARN] PackLoader:240 - Cannot read IP mode file for STMicroelectronics.X-CUBE-NFC7.1.0.1
2025-05-19 13:49:36,280 [WARN] PackLoader:240 - Cannot read IP mode file for STMicroelectronics.X-CUBE-DPower.1.3.0
2025-05-19 13:49:36,315 [WARN] ConditionMgr:438 - getConditionDescription Invalid condition id : LAN8742 Phy interface Condition cause : null
2025-05-19 13:49:36,323 [WARN] PackLoader:240 - Cannot read IP mode file for STMicroelectronics.X-CUBE-AZRTOS-L4.2.0.0
2025-05-19 13:49:36,331 [WARN] ConditionMgr:1044 - genDependencies : Invalid condition id : LAN8742 Phy interface Condition cause : null
2025-05-19 13:49:36,332 [WARN] ConditionMgr:1044 - genDependencies : Invalid condition id : LAN8742 Phy interface Condition cause : null
2025-05-19 13:49:36,334 [WARN] ConditionMgr:1044 - genDependencies : Invalid condition id : LAN8742 Phy interface Condition cause : null
2025-05-19 13:49:36,368 [WARN] PackLoader:240 - Cannot read IP mode file for STMicroelectronics.X-CUBE-SFXS2LP1.4.0.0
2025-05-19 13:49:36,421 [WARN] PackLoader:240 - Cannot read IP mode file for STMicroelectronics.X-CUBE-AZRTOS-H7.3.3.0
2025-05-19 13:49:36,448 [WARN] ConditionMgr:438 - getConditionDescription Invalid condition id : UX DEVICE CLASS RTOS Condition cause : null
2025-05-19 13:49:36,448 [WARN] ConditionMgr:438 - getConditionDescription Invalid condition id : UX DEVICE CLASS RTOS Condition cause : null
2025-05-19 13:49:36,452 [WARN] PackLoader:240 - Cannot read IP mode file for STMicroelectronics.X-CUBE-AZRTOS-WB.2.0.0
2025-05-19 13:49:36,453 [WARN] ConditionMgr:1044 - genDependencies : Invalid condition id : UX DEVICE CLASS RTOS Condition cause : null
2025-05-19 13:49:36,453 [WARN] ConditionMgr:1044 - genDependencies : Invalid condition id : UX DEVICE CLASS RTOS Condition cause : null
2025-05-19 13:49:36,454 [WARN] ConditionMgr:1044 - genDependencies : Invalid condition id : UX DEVICE CLASS RTOS Condition cause : null
2025-05-19 13:49:36,455 [WARN] ConditionMgr:1044 - genDependencies : Invalid condition id : UX DEVICE CLASS RTOS Condition cause : null
2025-05-19 13:49:36,455 [WARN] ConditionMgr:1044 - genDependencies : Invalid condition id : UX DEVICE CLASS RTOS Condition cause : null
2025-05-19 13:49:36,464 [WARN] PackLoader:240 - Cannot read IP mode file for STMicroelectronics.X-CUBE-GNSS1.7.0.1
2025-05-19 13:49:36,484 [WARN] PackLoader:240 - Cannot read IP mode file for STMicroelectronics.X-CUBE-TOUCHGFX.4.25.0
2025-05-19 13:49:36,497 [WARN] PackLoader:240 - Cannot read IP mode file for STMicroelectronics.FP-SNS-STBOX1.2.0.0
2025-05-19 13:49:36,530 [WARN] PackLoader:240 - Cannot read IP mode file for STMicroelectronics.X-CUBE-SUBG2.5.0.0
2025-05-19 13:49:36,573 [WARN] PackLoader:240 - Cannot read IP mode file for STMicroelectronics.X-CUBE-AZRTOS-H7RS.1.1.0
2025-05-19 13:49:36,586 [WARN] PackLoader:240 - Cannot read IP mode file for Cesanta.I-CUBE-Mongoose.7.13.0
2025-05-19 13:49:36,610 [WARN] PackLoader:240 - Cannot read IP mode file for STMicroelectronics.X-CUBE-AZRTOS-G4.2.0.0
2025-05-19 13:49:36,615 [WARN] PackLoader:240 - Cannot read IP mode file for wolfSSL.I-CUBE-wolfSSH.1.4.20
2025-05-19 13:49:36,620 [WARN] PackLoader:240 - Cannot read IP mode file for STMicroelectronics.X-CUBE-NFC7.2.0.0
2025-05-19 13:49:36,633 [WARN] PackLoader:240 - Cannot read IP mode file for STMicroelectronics.X-CUBE-IPS.3.1.0
2025-05-19 13:49:36,640 [WARN] PackLoader:240 - Cannot read IP mode file for STMicroelectronics.X-CUBE-ALS.1.0.2
2025-05-19 13:49:36,644 [WARN] PackLoader:240 - Cannot read IP mode file for portGmbH.I-Cube-SoM-uGOAL.1.1.0
2025-05-19 13:49:36,656 [WARN] PackLoader:240 - Cannot read IP mode file for STMicroelectronics.X-CUBE-TOF1.3.4.2
2025-05-19 13:49:36,679 [WARN] PackLoader:240 - Cannot read IP mode file for STMicroelectronics.X-CUBE-TOF1.3.4.3
2025-05-19 13:49:36,690 [INFO] ThirdParty:978 - Integrity check success = true
2025-05-19 13:49:36,690 [INFO] IntegrityCheckThread:100 - exiting critical section [integrity check]
2025-05-19 13:49:36,690 [INFO] IntegrityCheckThread:103 - End integrity checks thread
2025-05-19 13:49:37,605 [INFO] WebApp:169 - Instantiating new browser for Auth
2025-05-19 13:49:38,849 [INFO] WebApp:463 - Apply proxy settings
2025-05-19 13:49:38,863 [INFO] WebApp:508 - Chromium authenticates against Manually configured proxy
2025-05-19 13:49:38,878 [INFO] WebApp:516 - Username used for proxy authentication: 
2025-05-19 13:49:38,921 [INFO] WebApp:894 - Register for checkConnection events
2025-05-19 13:49:38,922 [INFO] WebApp:463 - Apply proxy settings
2025-05-19 13:49:38,926 [INFO] WebApp:508 - Chromium authenticates against Manually configured proxy
2025-05-19 13:49:38,927 [INFO] WebApp:516 - Username used for proxy authentication: 
2025-05-19 13:49:39,096 [INFO] WebApp:225 - Starting web application
2025-05-19 13:49:39,096 [INFO] WebApp:593 - Web application path used /Applications/STM32CubeIDE.app/Contents/Eclipse/plugins/com.st.stm32cube.common.mx_6.14.0.202502271554/db/plugins/mcufinder/reactClient1/index.html
2025-05-19 13:49:39,549 [INFO] WebApp:191 - Connection restablished
2025-05-19 13:49:39,826 [INFO] UserAuth:486 - Internet connection configuration mode: 1
